// Jest Snapshot v1, https://goo.gl/fbAQLP

exports[`When a player moves, its position updates #2 1`] = `
"
#########
#.G...G.#
#...G...#
#...E..G#
#.G.....#
#.......#
#G..G..G#
#.......#
#########

#########
#..G.G..#
#...G...#
#.G.E.G.#
#.......#
#G..G..G#
#.......#
#.......#
#########

#########
#.......#
#..GGG..#
#..GEG..#
#G..G...#
#......G#
#.......#
#.......#
#########

"
`;

exports[`When a player moves, its position updates 1`] = `
"
#######
#G..E.#
#.....#
#######

#######
#.GE..#
#.....#
#######

#######
#.GE..#
#.....#
#######

"
`;
